Archive member included to satisfy reference by file (symbol)

c:/st/stm32cubeide_1.7.0/stm32cubeide/plugins/com.st.stm32cube.ide.mcu.externaltools.gnu-tools-for-stm32.9-2020-q2-update.win32_2.0.0.202105311346/tools/bin/../lib/gcc/arm-none-eabi/9.3.1/../../../../arm-none-eabi/lib/thumb/v7e-m+dp/hard\libc_nano.a(lib_a-errno.o)
                              ./Core/Src/syscalls.o (__errno)
c:/st/stm32cubeide_1.7.0/stm32cubeide/plugins/com.st.stm32cube.ide.mcu.externaltools.gnu-tools-for-stm32.9-2020-q2-update.win32_2.0.0.202105311346/tools/bin/../lib/gcc/arm-none-eabi/9.3.1/../../../../arm-none-eabi/lib/thumb/v7e-m+dp/hard\libc_nano.a(lib_a-exit.o)
                              c:/st/stm32cubeide_1.7.0/stm32cubeide/plugins/com.st.stm32cube.ide.mcu.externaltools.gnu-tools-for-stm32.9-2020-q2-update.win32_2.0.0.202105311346/tools/bin/../lib/gcc/arm-none-eabi/9.3.1/../../../../arm-none-eabi/lib/thumb/v7e-m+dp/hard/crt0.o (exit)
c:/st/stm32cubeide_1.7.0/stm32cubeide/plugins/com.st.stm32cube.ide.mcu.externaltools.gnu-tools-for-stm32.9-2020-q2-update.win32_2.0.0.202105311346/tools/bin/../lib/gcc/arm-none-eabi/9.3.1/../../../../arm-none-eabi/lib/thumb/v7e-m+dp/hard\libc_nano.a(lib_a-impure.o)
                              c:/st/stm32cubeide_1.7.0/stm32cubeide/plugins/com.st.stm32cube.ide.mcu.externaltools.gnu-tools-for-stm32.9-2020-q2-update.win32_2.0.0.202105311346/tools/bin/../lib/gcc/arm-none-eabi/9.3.1/../../../../arm-none-eabi/lib/thumb/v7e-m+dp/hard\libc_nano.a(lib_a-exit.o) (_global_impure_ptr)
c:/st/stm32cubeide_1.7.0/stm32cubeide/plugins/com.st.stm32cube.ide.mcu.externaltools.gnu-tools-for-stm32.9-2020-q2-update.win32_2.0.0.202105311346/tools/bin/../lib/gcc/arm-none-eabi/9.3.1/../../../../arm-none-eabi/lib/thumb/v7e-m+dp/hard\libc_nano.a(lib_a-init.o)
                              c:/st/stm32cubeide_1.7.0/stm32cubeide/plugins/com.st.stm32cube.ide.mcu.externaltools.gnu-tools-for-stm32.9-2020-q2-update.win32_2.0.0.202105311346/tools/bin/../lib/gcc/arm-none-eabi/9.3.1/../../../../arm-none-eabi/lib/thumb/v7e-m+dp/hard/crt0.o (__libc_init_array)
c:/st/stm32cubeide_1.7.0/stm32cubeide/plugins/com.st.stm32cube.ide.mcu.externaltools.gnu-tools-for-stm32.9-2020-q2-update.win32_2.0.0.202105311346/tools/bin/../lib/gcc/arm-none-eabi/9.3.1/../../../../arm-none-eabi/lib/thumb/v7e-m+dp/hard\libc_nano.a(lib_a-memset.o)
                              c:/st/stm32cubeide_1.7.0/stm32cubeide/plugins/com.st.stm32cube.ide.mcu.externaltools.gnu-tools-for-stm32.9-2020-q2-update.win32_2.0.0.202105311346/tools/bin/../lib/gcc/arm-none-eabi/9.3.1/../../../../arm-none-eabi/lib/thumb/v7e-m+dp/hard/crt0.o (memset)
c:/st/stm32cubeide_1.7.0/stm32cubeide/plugins/com.st.stm32cube.ide.mcu.externaltools.gnu-tools-for-stm32.9-2020-q2-update.win32_2.0.0.202105311346/tools/bin/../lib/gcc/arm-none-eabi/9.3.1/../../../../arm-none-eabi/lib/thumb/v7e-m+dp/hard\libc_nano.a(lib_a-strlen.o)
                              ./Core/Src/FLASH_PAGE.o (strlen)

Allocating common symbols
Common symbol       size              file

uwTick              0x4               ./Drivers/STM32H7xx_HAL_Driver/Src/stm32h7xx_hal.o
pFlash              0x1c              ./Drivers/STM32H7xx_HAL_Driver/Src/stm32h7xx_hal_flash.o
bytes_temp          0x4               ./Core/Src/FLASH_PAGE.o

Discarded input sections

 .text          0x0000000000000000        0x0 c:/st/stm32cubeide_1.7.0/stm32cubeide/plugins/com.st.stm32cube.ide.mcu.externaltools.gnu-tools-for-stm32.9-2020-q2-update.win32_2.0.0.202105311346/tools/bin/../lib/gcc/arm-none-eabi/9.3.1/thumb/v7e-m+dp/hard/crti.o
 .data          0x0000000000000000        0x0 c:/st/stm32cubeide_1.7.0/stm32cubeide/plugins/com.st.stm32cube.ide.mcu.externaltools.gnu-tools-for-stm32.9-2020-q2-update.win32_2.0.0.202105311346/tools/bin/../lib/gcc/arm-none-eabi/9.3.1/thumb/v7e-m+dp/hard/crti.o
 .bss           0x0000000000000000        0x0 c:/st/stm32cubeide_1.7.0/stm32cubeide/plugins/com.st.stm32cube.ide.mcu.externaltools.gnu-tools-for-stm32.9-2020-q2-update.win32_2.0.0.202105311346/tools/bin/../lib/gcc/arm-none-eabi/9.3.1/thumb/v7e-m+dp/hard/crti.o
 .data          0x0000000000000000        0x4 c:/st/stm32cubeide_1.7.0/stm32cubeide/plugins/com.st.stm32cube.ide.mcu.externaltools.gnu-tools-for-stm32.9-2020-q2-update.win32_2.0.0.202105311346/tools/bin/../lib/gcc/arm-none-eabi/9.3.1/thumb/v7e-m+dp/hard/crtbegin.o
 .text          0x0000000000000000       0x7c c:/st/stm32cubeide_1.7.0/stm32cubeide/plugins/com.st.stm32cube.ide.mcu.externaltools.gnu-tools-for-stm32.9-2020-q2-update.win32_2.0.0.202105311346/tools/bin/../lib/gcc/arm-none-eabi/9.3.1/../../../../arm-none-eabi/lib/thumb/v7e-m+dp/hard/crt0.o
 .data          0x0000000000000000        0x0 c:/st/stm32cubeide_1.7.0/stm32cubeide/plugins/com.st.stm32cube.ide.mcu.externaltools.gnu-tools-for-stm32.9-2020-q2-update.win32_2.0.0.202105311346/tools/bin/../lib/gcc/arm-none-eabi/9.3.1/../../../../arm-none-eabi/lib/thumb/v7e-m+dp/hard/crt0.o
[...]
Memory Configuration

Name             Origin             Length             Attributes
FLASH            0x0000000008000000 0x0000000000200000 xr
DTCMRAM          0x0000000020000000 0x0000000000020000 xrw
RAM_D1           0x0000000024000000 0x0000000000080000 xrw
RAM_D2           0x0000000030000000 0x0000000000048000 xrw
RAM_D3           0x0000000038000000 0x0000000000010000 xrw
ITCMRAM          0x0000000000000000 0x0000000000010000 xrw
*default*        0x0000000000000000 0xffffffffffffffff

Linker script and memory map

LOAD c:/st/stm32cubeide_1.7.0/stm32cubeide/plugins/com.st.stm32cube.ide.mcu.externaltools.gnu-tools-for-stm32.9-2020-q2-update.win32_2.0.0.202105311346/tools/bin/../lib/gcc/arm-none-eabi/9.3.1/thumb/v7e-m+dp/hard/crti.o
LOAD c:/st/stm32cubeide_1.7.0/stm32cubeide/plugins/com.st.stm32cube.ide.mcu.externaltools.gnu-tools-for-stm32.9-2020-q2-update.win32_2.0.0.202105311346/tools/bin/../lib/gcc/arm-none-eabi/9.3.1/thumb/v7e-m+dp/hard/crtbegin.o
LOAD c:/st/stm32cubeide_1.7.0/stm32cubeide/plugins/com.st.stm32cube.ide.mcu.externaltools.gnu-tools-for-stm32.9-2020-q2-update.win32_2.0.0.202105311346/tools/bin/../lib/gcc/arm-none-eabi/9.3.1/../../../../arm-none-eabi/lib/thumb/v7e-m+dp/hard/crt0.o
LOAD ./Core/Src/FLASH_PAGE.o
LOAD ./Core/Src/main.o
LOAD ./Core/Src/stm32h7xx_hal_msp.o
LOAD ./Core/Src/stm32h7xx_it.o
LOAD ./Core/Src/syscalls.o
LOAD ./Core/Src/sysmem.o
LOAD ./Core/Src/system_stm32h7xx.o
LOAD ./Core/Startup/startup_stm32h743zitx.o
LOAD ./Drivers/STM32H7xx_HAL_Driver/Src/stm32h7xx_hal.o
LOAD ./Drivers/STM32H7xx_HAL_Driver/Src/stm32h7xx_hal_cortex.o
LOAD ./Drivers/STM32H7xx_HAL_Driver/Src/stm32h7xx_hal_dma.o
LOAD ./Drivers/STM32H7xx_HAL_Driver/Src/stm32h7xx_hal_dma_ex.o
LOAD ./Drivers/STM32H7xx_HAL_Driver/Src/stm32h7xx_hal_exti.o
LOAD ./Drivers/STM32H7xx_HAL_Driver/Src/stm32h7xx_hal_flash.o
LOAD ./Drivers/STM32H7xx_HAL_Driver/Src/stm32h7xx_hal_flash_ex.o
LOAD ./Drivers/STM32H7xx_HAL_Driver/Src/stm32h7xx_hal_gpio.o
LOAD ./Drivers/STM32H7xx_HAL_Driver/Src/stm32h7xx_hal_hsem.o
LOAD ./Drivers/STM32H7xx_HAL_Driver/Src/stm32h7xx_hal_i2c.o
LOAD ./Drivers/STM32H7xx_HAL_Driver/Src/stm32h7xx_hal_i2c_ex.o
LOAD ./Drivers/STM32H7xx_HAL_Driver/Src/stm32h7xx_hal_mdma.o
LOAD ./Drivers/STM32H7xx_HAL_Driver/Src/stm32h7xx_hal_pwr.o
LOAD ./Drivers/STM32H7xx_HAL_Driver/Src/stm32h7xx_hal_pwr_ex.o
LOAD ./Drivers/STM32H7xx_HAL_Driver/Src/stm32h7xx_hal_rcc.o
LOAD ./Drivers/STM32H7xx_HAL_Driver/Src/stm32h7xx_hal_rcc_ex.o
LOAD ./Drivers/STM32H7xx_HAL_Driver/Src/stm32h7xx_hal_tim.o
LOAD ./Drivers/STM32H7xx_HAL_Driver/Src/stm32h7xx_hal_tim_ex.o
START GROUP
LOAD c:/st/stm32cubeide_1.7.0/stm32cubeide/plugins/com.st.stm32cube.ide.mcu.externaltools.gnu-tools-for-stm32.9-2020-q2-update.win32_2.0.0.202105311346/tools/bin/../lib/gcc/arm-none-eabi/9.3.1/../../../../arm-none-eabi/lib/thumb/v7e-m+dp/hard\libc_nano.a
LOAD c:/st/stm32cubeide_1.7.0/stm32cubeide/plugins/com.st.stm32cube.ide.mcu.externaltools.gnu-tools-for-stm32.9-2020-q2-update.win32_2.0.0.202105311346/tools/bin/../lib/gcc/arm-none-eabi/9.3.1/../../../../arm-none-eabi/lib/thumb/v7e-m+dp/hard\libm.a
END GROUP
START GROUP
LOAD c:/st/stm32cubeide_1.7.0/stm32cubeide/plugins/com.st.stm32cube.ide.mcu.externaltools.gnu-tools-for-stm32.9-2020-q2-update.win32_2.0.0.202105311346/tools/bin/../lib/gcc/arm-none-eabi/9.3.1/thumb/v7e-m+dp/hard\libgcc.a
LOAD c:/st/stm32cubeide_1.7.0/stm32cubeide/plugins/com.st.stm32cube.ide.mcu.externaltools.gnu-tools-for-stm32.9-2020-q2-update.win32_2.0.0.202105311346/tools/bin/../lib/gcc/arm-none-eabi/9.3.1/../../../../arm-none-eabi/lib/thumb/v7e-m+dp/hard\libc_nano.a
END GROUP
START GROUP
LOAD c:/st/stm32cubeide_1.7.0/stm32cubeide/plugins/com.st.stm32cube.ide.mcu.externaltools.gnu-tools-for-stm32.9-2020-q2-update.win32_2.0.0.202105311346/tools/bin/../lib/gcc/arm-none-eabi/9.3.1/thumb/v7e-m+dp/hard\libgcc.a
LOAD c:/st/stm32cubeide_1.7.0/stm32cubeide/plugins/com.st.stm32cube.ide.mcu.externaltools.gnu-tools-for-stm32.9-2020-q2-update.win32_2.0.0.202105311346/tools/bin/../lib/gcc/arm-none-eabi/9.3.1/../../../../arm-none-eabi/lib/thumb/v7e-m+dp/hard\libc_nano.a
LOAD c:/st/stm32cubeide_1.7.0/stm32cubeide/plugins/com.st.stm32cube.ide.mcu.externaltools.gnu-tools-for-stm32.9-2020-q2-update.win32_2.0.0.202105311346/tools/bin/../lib/gcc/arm-none-eabi/9.3.1/../../../../arm-none-eabi/lib/thumb/v7e-m+dp/hard\libnosys.a
END GROUP
START GROUP
LOAD c:/st/stm32cubeide_1.7.0/stm32cubeide/plugins/com.st.stm32cube.ide.mcu.externaltools.gnu-tools-for-stm32.9-2020-q2-update.win32_2.0.0.202105311346/tools/bin/../lib/gcc/arm-none-eabi/9.3.1/thumb/v7e-m+dp/hard\libgcc.a
LOAD c:/st/stm32cubeide_1.7.0/stm32cubeide/plugins/com.st.stm32cube.ide.mcu.externaltools.gnu-tools-for-stm32.9-2020-q2-update.win32_2.0.0.202105311346/tools/bin/../lib/gcc/arm-none-eabi/9.3.1/../../../../arm-none-eabi/lib/thumb/v7e-m+dp/hard\libc_nano.a
LOAD c:/st/stm32cubeide_1.7.0/stm32cubeide/plugins/com.st.stm32cube.ide.mcu.externaltools.gnu-tools-for-stm32.9-2020-q2-update.win32_2.0.0.202105311346/tools/bin/../lib/gcc/arm-none-eabi/9.3.1/../../../../arm-none-eabi/lib/thumb/v7e-m+dp/hard\libnosys.a
END GROUP
LOAD c:/st/stm32cubeide_1.7.0/stm32cubeide/plugins/com.st.stm32cube.ide.mcu.externaltools.gnu-tools-for-stm32.9-2020-q2-update.win32_2.0.0.202105311346/tools/bin/../lib/gcc/arm-none-eabi/9.3.1/thumb/v7e-m+dp/hard/crtend.o
LOAD c:/st/stm32cubeide_1.7.0/stm32cubeide/plugins/com.st.stm32cube.ide.mcu.externaltools.gnu-tools-for-stm32.9-2020-q2-update.win32_2.0.0.202105311346/tools/bin/../lib/gcc/arm-none-eabi/9.3.1/thumb/v7e-m+dp/hard/crtn.o
                0x0000000024080000                _estack = (ORIGIN (RAM_D1) + LENGTH (RAM_D1))
                0x0000000000000200                _Min_Heap_Size = 0x200
                0x0000000000000400                _Min_Stack_Size = 0x400

.isr_vector     0x0000000008000000      0x298
                0x0000000008000000                . = ALIGN (0x4)
 *(.isr_vector)
 .isr_vector    0x0000000008000000      0x298 ./Core/Startup/startup_stm32h743zitx.o
                0x0000000008000000                g_pfnVectors
                0x0000000008000298                . = ALIGN (0x4)

.text           0x0000000008000298     0x1e64
                0x0000000008000298                . = ALIGN (0x4)
 *(.text)
 .text          0x0000000008000298       0x40 c:/st/stm32cubeide_1.7.0/stm32cubeide/plugins/com.st.stm32cube.ide.mcu.externaltools.gnu-tools-for-stm32.9-2020-q2-update.win32_2.0.0.202105311346/tools/bin/../lib/gcc/arm-none-eabi/9.3.1/thumb/v7e-m+dp/hard/crtbegin.o
 *(.text*)
 .text.GetSector
                0x00000000080002d8      0x1b0 ./Core/Src/FLASH_PAGE.o
 .text.Flash_Write_Data
                0x0000000008000488       0xc8 ./Core/Src/FLASH_PAGE.o
                0x0000000008000488                Flash_Write_Data
 .text.main     0x0000000008000550       0x20 ./Core/Src/main.o
                0x0000000008000550                main
 .text.SystemClock_Config
                0x0000000008000570       0xd4 ./Core/Src/main.o
                0x0000000008000570                SystemClock_Config
 .text.Error_Handler
                0x0000000008000644        0xa ./Core/Src/main.o
                0x0000000008000644                Error_Handler
 *fill*         0x000000000800064e        0x2 
 .text.HAL_MspInit
                0x0000000008000650       0x34 ./Core/Src/stm32h7xx_hal_msp.o
                0x0000000008000650                HAL_MspInit
 .text.NMI_Handler
                0x0000000008000684        0x6 ./Core/Src/stm32h7xx_it.o
                0x0000000008000684                NMI_Handler
 .text.HardFault_Handler
                0x000000000800068a        0x6 ./Core/Src/stm32h7xx_it.o
                0x000000000800068a                HardFault_Handler
 .text.MemManage_Handler
                0x0000000008000690        0x6 ./Core/Src/stm32h7xx_it.o
                0x0000000008000690                MemManage_Handler
 .text.BusFault_Handler
                0x0000000008000696        0x6 ./Core/Src/stm32h7xx_it.o
                0x0000000008000696                BusFault_Handler
 .text.UsageFault_Handler
                0x000000000800069c        0x6 ./Core/Src/stm32h7xx_it.o
                0x000000000800069c                UsageFault_Handler
 .text.SVC_Handler
                0x00000000080006a2        0xe ./Core/Src/stm32h7xx_it.o
                0x00000000080006a2                SVC_Handler
 .text.DebugMon_Handler
                0x00000000080006b0        0xe ./Core/Src/stm32h7xx_it.o
                0x00000000080006b0                DebugMon_Handler
 .text.PendSV_Handler
                0x00000000080006be        0xe ./Core/Src/stm32h7xx_it.o
                0x00000000080006be                PendSV_Handler
 .text.SysTick_Handler
                0x00000000080006cc        0xc ./Core/Src/stm32h7xx_it.o
                0x00000000080006cc                SysTick_Handler
 .text.SystemInit
                0x00000000080006d8      0x110 ./Core/Src/system_stm32h7xx.o
                0x00000000080006d8                SystemInit
 .text.Reset_Handler
                0x00000000080007e8       0x50 ./Core/Startup/startup_stm32h743zitx.o
                0x00000000080007e8                Reset_Handler
 .text.Default_Handler
                0x0000000008000838        0x2 ./Core/Startup/startup_stm32h743zitx.o
                0x0000000008000838                RTC_Alarm_IRQHandler
                0x0000000008000838                EXTI2_IRQHandler
                0x0000000008000838                TIM8_CC_IRQHandler
                0x0000000008000838                HRTIM1_Master_IRQHandler
                0x0000000008000838                UART8_IRQHandler
                0x0000000008000838                SPI4_IRQHandler
                0x0000000008000838                TIM1_CC_IRQHandler
                0x0000000008000838                BDMA_Channel6_IRQHandler
                0x0000000008000838                DMA2_Stream5_IRQHandler
                0x0000000008000838                HRTIM1_FLT_IRQHandler
                0x0000000008000838                JPEG_IRQHandler
                0x0000000008000838                DMA1_Stream5_IRQHandler
                0x0000000008000838                BDMA_Channel1_IRQHandler
                0x0000000008000838                HRTIM1_TIMD_IRQHandler
                0x0000000008000838                TAMP_STAMP_IRQHandler
                0x0000000008000838                EXTI3_IRQHandler
                0x0000000008000838                LPTIM4_IRQHandler
                0x0000000008000838                TIM8_TRG_COM_TIM14_IRQHandler
                0x0000000008000838                LPTIM2_IRQHandler
                0x0000000008000838                DFSDM1_FLT1_IRQHandler
                0x0000000008000838                DMAMUX2_OVR_IRQHandler
                0x0000000008000838                TIM8_UP_TIM13_IRQHandler
                0x0000000008000838                I2C3_ER_IRQHandler
                0x0000000008000838                DFSDM1_FLT2_IRQHandler
                0x0000000008000838                MDMA_IRQHandler
                0x0000000008000838                LPTIM3_IRQHandler
                0x0000000008000838                HSEM1_IRQHandler
                0x0000000008000838                EXTI0_IRQHandler
                0x0000000008000838                I2C2_EV_IRQHandler
                0x0000000008000838                DMA1_Stream2_IRQHandler
                0x0000000008000838                FPU_IRQHandler
                0x0000000008000838                OTG_HS_WKUP_IRQHandler
                0x0000000008000838                FDCAN1_IT1_IRQHandler
                0x0000000008000838                LTDC_ER_IRQHandler
                0x0000000008000838                DMA2_Stream2_IRQHandler
                0x0000000008000838                HRTIM1_TIME_IRQHandler
                0x0000000008000838                SPI1_IRQHandler
                0x0000000008000838                TIM6_DAC_IRQHandler
                0x0000000008000838                DCMI_IRQHandler
                0x0000000008000838                HRTIM1_TIMC_IRQHandler
                0x0000000008000838                DMA2_Stream3_IRQHandler
                0x0000000008000838                SAI2_IRQHandler
                0x0000000008000838                DFSDM1_FLT3_IRQHandler
                0x0000000008000838                USART6_IRQHandler
                0x0000000008000838                TIM17_IRQHandler
                0x0000000008000838                USART3_IRQHandler
                0x0000000008000838                BDMA_Channel7_IRQHandler
                0x0000000008000838                LPTIM5_IRQHandler
                0x0000000008000838                UART5_IRQHandler
                0x0000000008000838                ADC3_IRQHandler
                0x0000000008000838                DMA2_Stream0_IRQHandler
                0x0000000008000838                TIM4_IRQHandler
                0x0000000008000838                BDMA_Channel2_IRQHandler
                0x0000000008000838                QUADSPI_IRQHandler
                0x0000000008000838                I2C1_EV_IRQHandler
                0x0000000008000838                DMA1_Stream6_IRQHandler
                0x0000000008000838                DMAMUX1_OVR_IRQHandler
                0x0000000008000838                DMA1_Stream1_IRQHandler
                0x0000000008000838                TIM16_IRQHandler
                0x0000000008000838                UART4_IRQHandler
                0x0000000008000838                BDMA_Channel5_IRQHandler
                0x0000000008000838                TIM3_IRQHandler
                0x0000000008000838                RCC_IRQHandler
                0x0000000008000838                TIM8_BRK_TIM12_IRQHandler
                0x0000000008000838                TIM1_TRG_COM_IRQHandler
                0x0000000008000838                Default_Handler
                0x0000000008000838                ECC_IRQHandler
                0x0000000008000838                CEC_IRQHandler
                0x0000000008000838                EXTI15_10_IRQHandler
                0x0000000008000838                BDMA_Channel0_IRQHandler
                0x0000000008000838                ADC_IRQHandler
                0x0000000008000838                DMA1_Stream7_IRQHandler
                0x0000000008000838                HRTIM1_TIMA_IRQHandler
                0x0000000008000838                SPI5_IRQHandler
                0x0000000008000838                TIM7_IRQHandler
                0x0000000008000838                SDMMC1_IRQHandler
                0x0000000008000838                TIM5_IRQHandler
                0x0000000008000838                DMA2_Stream7_IRQHandler
                0x0000000008000838                TIM15_IRQHandler
                0x0000000008000838                PVD_AVD_IRQHandler
                0x0000000008000838                I2C3_EV_IRQHandler
                0x0000000008000838                EXTI9_5_IRQHandler
                0x0000000008000838                RTC_WKUP_IRQHandler
                0x0000000008000838                LTDC_IRQHandler
                0x0000000008000838                SAI3_IRQHandler
                0x0000000008000838                ETH_WKUP_IRQHandler
                0x0000000008000838                SPDIF_RX_IRQHandler
                0x0000000008000838                SPI2_IRQHandler
                0x0000000008000838                OTG_HS_EP1_IN_IRQHandler
                0x0000000008000838                DMA1_Stream0_IRQHandler
                0x0000000008000838                CRS_IRQHandler
                0x0000000008000838                EXTI4_IRQHandler
                0x0000000008000838                RNG_IRQHandler
                0x0000000008000838                HRTIM1_TIMB_IRQHandler
                0x0000000008000838                FDCAN2_IT1_IRQHandler
                0x0000000008000838                ETH_IRQHandler
                0x0000000008000838                TIM1_UP_IRQHandler
                0x0000000008000838                BDMA_Channel4_IRQHandler
                0x0000000008000838                OTG_HS_EP1_OUT_IRQHandler
                0x0000000008000838                WWDG_IRQHandler
                0x0000000008000838                SPI6_IRQHandler
                0x0000000008000838                MDIOS_IRQHandler
                0x0000000008000838                I2C4_EV_IRQHandler
                0x0000000008000838                FDCAN2_IT0_IRQHandler
                0x0000000008000838                LPUART1_IRQHandler
                0x0000000008000838                FDCAN1_IT0_IRQHandler
                0x0000000008000838                TIM2_IRQHandler
                0x0000000008000838                OTG_FS_WKUP_IRQHandler
                0x0000000008000838                OTG_HS_IRQHandler
                0x0000000008000838                DMA2D_IRQHandler
                0x0000000008000838                TIM1_BRK_IRQHandler
                0x0000000008000838                EXTI1_IRQHandler
                0x0000000008000838                SDMMC2_IRQHandler
                0x0000000008000838                OTG_FS_EP1_OUT_IRQHandler
                0x0000000008000838                BDMA_Channel3_IRQHandler
                0x0000000008000838                UART7_IRQHandler
                0x0000000008000838                MDIOS_WKUP_IRQHandler
                0x0000000008000838                USART2_IRQHandler
                0x0000000008000838                DFSDM1_FLT0_IRQHandler
                0x0000000008000838                SAI4_IRQHandler
                0x0000000008000838                I2C2_ER_IRQHandler
                0x0000000008000838                DMA2_Stream1_IRQHandler
                0x0000000008000838                FLASH_IRQHandler
                0x0000000008000838                DMA2_Stream4_IRQHandler
                0x0000000008000838                USART1_IRQHandler
                0x0000000008000838                OTG_FS_IRQHandler
                0x0000000008000838                SPI3_IRQHandler
                0x0000000008000838                WAKEUP_PIN_IRQHandler
                0x0000000008000838                DMA1_Stream4_IRQHandler
                0x0000000008000838                OTG_FS_EP1_IN_IRQHandler
                0x0000000008000838                I2C1_ER_IRQHandler
                0x0000000008000838                FMC_IRQHandler
                0x0000000008000838                FDCAN_CAL_IRQHandler
                0x0000000008000838                SWPMI1_IRQHandler
                0x0000000008000838                COMP1_IRQHandler
                0x0000000008000838                LPTIM1_IRQHandler
                0x0000000008000838                I2C4_ER_IRQHandler
                0x0000000008000838                DMA2_Stream6_IRQHandler
                0x0000000008000838                SAI1_IRQHandler
                0x0000000008000838                DMA1_Stream3_IRQHandler
 *fill*         0x000000000800083a        0x2 
 .text.HAL_Init
                0x000000000800083c       0x78 ./Drivers/STM32H7xx_HAL_Driver/Src/stm32h7xx_hal.o
                0x000000000800083c                HAL_Init
 .text.HAL_InitTick
                0x00000000080008b4       0x6c ./Drivers/STM32H7xx_HAL_Driver/Src/stm32h7xx_hal.o
                0x00000000080008b4                HAL_InitTick
 .text.HAL_IncTick
                0x0000000008000920       0x28 ./Drivers/STM32H7xx_HAL_Driver/Src/stm32h7xx_hal.o
                0x0000000008000920                HAL_IncTick
 .text.HAL_GetTick
                0x0000000008000948       0x18 ./Drivers/STM32H7xx_HAL_Driver/Src/stm32h7xx_hal.o
                0x0000000008000948                HAL_GetTick
 .text.HAL_GetREVID
                0x0000000008000960       0x18 ./Drivers/STM32H7xx_HAL_Driver/Src/stm32h7xx_hal.o
                0x0000000008000960                HAL_GetREVID
 .text.__NVIC_SetPriorityGrouping
                0x0000000008000978       0x48 ./Drivers/STM32H7xx_HAL_Driver/Src/stm32h7xx_hal_cortex.o
 .text.__NVIC_GetPriorityGrouping
                0x00000000080009c0       0x1c ./Drivers/STM32H7xx_HAL_Driver/Src/stm32h7xx_hal_cortex.o
 .text.__NVIC_SetPriority
                0x00000000080009dc       0x54 ./Drivers/STM32H7xx_HAL_Driver/Src/stm32h7xx_hal_cortex.o
 .text.NVIC_EncodePriority
                0x0000000008000a30       0x66 ./Drivers/STM32H7xx_HAL_Driver/Src/stm32h7xx_hal_cortex.o
 *fill*         0x0000000008000a96        0x2 
 .text.SysTick_Config
                0x0000000008000a98       0x44 ./Drivers/STM32H7xx_HAL_Driver/Src/stm32h7xx_hal_cortex.o
 .text.HAL_NVIC_SetPriorityGrouping
                0x0000000008000adc       0x16 ./Drivers/STM32H7xx_HAL_Driver/Src/stm32h7xx_hal_cortex.o
                0x0000000008000adc                HAL_NVIC_SetPriorityGrouping
 .text.HAL_NVIC_SetPriority
                0x0000000008000af2       0x34 ./Drivers/STM32H7xx_HAL_Driver/Src/stm32h7xx_hal_cortex.o
                0x0000000008000af2                HAL_NVIC_SetPriority
 .text.HAL_SYSTICK_Config
                0x0000000008000b26       0x18 ./Drivers/STM32H7xx_HAL_Driver/Src/stm32h7xx_hal_cortex.o
                0x0000000008000b26                HAL_SYSTICK_Config
 *fill*         0x0000000008000b3e        0x2 
 .text.HAL_FLASH_Program
                0x0000000008000b40      0x124 ./Drivers/STM32H7xx_HAL_Driver/Src/stm32h7xx_hal_flash.o
                0x0000000008000b40                HAL_FLASH_Program
 .text.HAL_FLASH_Unlock
                0x0000000008000c64       0x74 ./Drivers/STM32H7xx_HAL_Driver/Src/stm32h7xx_hal_flash.o
                0x0000000008000c64                HAL_FLASH_Unlock
 .text.HAL_FLASH_Lock
                0x0000000008000cd8       0x54 ./Drivers/STM32H7xx_HAL_Driver/Src/stm32h7xx_hal_flash.o
                0x0000000008000cd8                HAL_FLASH_Lock
 .text.HAL_FLASH_GetError
                0x0000000008000d2c       0x18 ./Drivers/STM32H7xx_HAL_Driver/Src/stm32h7xx_hal_flash.o
                0x0000000008000d2c                HAL_FLASH_GetError
 .text.FLASH_WaitForLastOperation
                0x0000000008000d44      0x138 ./Drivers/STM32H7xx_HAL_Driver/Src/stm32h7xx_hal_flash.o
                0x0000000008000d44                FLASH_WaitForLastOperation
 .text.HAL_FLASHEx_Erase
                0x0000000008000e7c      0x194 ./Drivers/STM32H7xx_HAL_Driver/Src/stm32h7xx_hal_flash_ex.o
                0x0000000008000e7c                HAL_FLASHEx_Erase
 .text.FLASH_MassErase
                0x0000000008001010       0xd4 ./Drivers/STM32H7xx_HAL_Driver/Src/stm32h7xx_hal_flash_ex.o
 .text.FLASH_Erase_Sector
                0x00000000080010e4       0x7c ./Drivers/STM32H7xx_HAL_Driver/Src/stm32h7xx_hal_flash_ex.o
                0x00000000080010e4                FLASH_Erase_Sector
 .text.HAL_PWREx_ConfigSupply
                0x0000000008001160       0x74 ./Drivers/STM32H7xx_HAL_Driver/Src/stm32h7xx_hal_pwr_ex.o
                0x0000000008001160                HAL_PWREx_ConfigSupply
 .text.HAL_RCC_OscConfig
                0x00000000080011d4      0x858 ./Drivers/STM32H7xx_HAL_Driver/Src/stm32h7xx_hal_rcc.o
                0x00000000080011d4                HAL_RCC_OscConfig
 .text.HAL_RCC_ClockConfig
                0x0000000008001a2c      0x36c ./Drivers/STM32H7xx_HAL_Driver/Src/stm32h7xx_hal_rcc.o
                0x0000000008001a2c                HAL_RCC_ClockConfig
 .text.HAL_RCC_GetSysClockFreq
                0x0000000008001d98      0x2f4 ./Drivers/STM32H7xx_HAL_Driver/Src/stm32h7xx_hal_rcc.o
                0x0000000008001d98                HAL_RCC_GetSysClockFreq
 .text.__libc_init_array
                0x000000000800208c       0x48 c:/st/stm32cubeide_1.7.0/stm32cubeide/plugins/com.st.stm32cube.ide.mcu.externaltools.gnu-tools-for-stm32.9-2020-q2-update.win32_2.0.0.202105311346/tools/bin/../lib/gcc/arm-none-eabi/9.3.1/../../../../arm-none-eabi/lib/thumb/v7e-m+dp/hard\libc_nano.a(lib_a-init.o)
                0x000000000800208c                __libc_init_array
 .text.memset   0x00000000080020d4       0x10 c:/st/stm32cubeide_1.7.0/stm32cubeide/plugins/com.st.stm32cube.ide.mcu.externaltools.gnu-tools-for-stm32.9-2020-q2-update.win32_2.0.0.202105311346/tools/bin/../lib/gcc/arm-none-eabi/9.3.1/../../../../arm-none-eabi/lib/thumb/v7e-m+dp/hard\libc_nano.a(lib_a-memset.o)
                0x00000000080020d4                memset
 *(.glue_7)
 .glue_7        0x00000000080020e4        0x0 linker stubs
 *(.glue_7t)
 .glue_7t       0x00000000080020e4        0x0 linker stubs
 *(.eh_frame)
 .eh_frame      0x00000000080020e4        0x0 c:/st/stm32cubeide_1.7.0/stm32cubeide/plugins/com.st.stm32cube.ide.mcu.externaltools.gnu-tools-for-stm32.9-2020-q2-update.win32_2.0.0.202105311346/tools/bin/../lib/gcc/arm-none-eabi/9.3.1/thumb/v7e-m+dp/hard/crtbegin.o
 *(.init)
 .init          0x00000000080020e4        0x4 c:/st/stm32cubeide_1.7.0/stm32cubeide/plugins/com.st.stm32cube.ide.mcu.externaltools.gnu-tools-for-stm32.9-2020-q2-update.win32_2.0.0.202105311346/tools/bin/../lib/gcc/arm-none-eabi/9.3.1/thumb/v7e-m+dp/hard/crti.o
                0x00000000080020e4                _init
 .init          0x00000000080020e8        0x8 c:/st/stm32cubeide_1.7.0/stm32cubeide/plugins/com.st.stm32cube.ide.mcu.externaltools.gnu-tools-for-stm32.9-2020-q2-update.win32_2.0.0.202105311346/tools/bin/../lib/gcc/arm-none-eabi/9.3.1/thumb/v7e-m+dp/hard/crtn.o
 *(.fini)
 .fini          0x00000000080020f0        0x4 c:/st/stm32cubeide_1.7.0/stm32cubeide/plugins/com.st.stm32cube.ide.mcu.externaltools.gnu-tools-for-stm32.9-2020-q2-update.win32_2.0.0.202105311346/tools/bin/../lib/gcc/arm-none-eabi/9.3.1/thumb/v7e-m+dp/hard/crti.o
                0x00000000080020f0                _fini
 .fini          0x00000000080020f4        0x8 c:/st/stm32cubeide_1.7.0/stm32cubeide/plugins/com.st.stm32cube.ide.mcu.externaltools.gnu-tools-for-stm32.9-2020-q2-update.win32_2.0.0.202105311346/tools/bin/../lib/gcc/arm-none-eabi/9.3.1/thumb/v7e-m+dp/hard/crtn.o
                0x00000000080020fc                . = ALIGN (0x4)
                0x00000000080020fc                _etext = .

.vfp11_veneer   0x00000000080020fc        0x0
 .vfp11_veneer  0x00000000080020fc        0x0 linker stubs

.v4_bx          0x00000000080020fc        0x0
 .v4_bx         0x00000000080020fc        0x0 linker stubs

.iplt           0x00000000080020fc        0x0
 .iplt          0x00000000080020fc        0x0 c:/st/stm32cubeide_1.7.0/stm32cubeide/plugins/com.st.stm32cube.ide.mcu.externaltools.gnu-tools-for-stm32.9-2020-q2-update.win32_2.0.0.202105311346/tools/bin/../lib/gcc/arm-none-eabi/9.3.1/thumb/v7e-m+dp/hard/crtbegin.o

.rodata         0x00000000080020fc       0x10
                0x00000000080020fc                . = ALIGN (0x4)
 *(.rodata)
 *(.rodata*)
 .rodata.D1CorePrescTable
                0x00000000080020fc       0x10 ./Core/Src/system_stm32h7xx.o
                0x00000000080020fc                D1CorePrescTable
                0x000000000800210c                . = ALIGN (0x4)

.rel.dyn        0x000000000800210c        0x0
 .rel.iplt      0x000000000800210c        0x0 c:/st/stm32cubeide_1.7.0/stm32cubeide/plugins/com.st.stm32cube.ide.mcu.externaltools.gnu-tools-for-stm32.9-2020-q2-update.win32_2.0.0.202105311346/tools/bin/../lib/gcc/arm-none-eabi/9.3.1/thumb/v7e-m+dp/hard/crtbegin.o

.ARM.extab
 *(.ARM.extab* .gnu.linkonce.armextab.*)

.ARM            0x000000000800210c        0x0
                0x000000000800210c                __exidx_start = .
 *(.ARM.exidx*)
                0x000000000800210c                __exidx_end = .

.preinit_array  0x000000000800210c        0x0
                0x000000000800210c                PROVIDE (__preinit_array_start = .)
 *(.preinit_array*)
                0x000000000800210c                PROVIDE (__preinit_array_end = .)

.init_array     0x000000000800210c        0x4
                0x000000000800210c                PROVIDE (__init_array_start = .)
 *(SORT_BY_NAME(.init_array.*))
 *(.init_array*)
 .init_array    0x000000000800210c        0x4 c:/st/stm32cubeide_1.7.0/stm32cubeide/plugins/com.st.stm32cube.ide.mcu.externaltools.gnu-tools-for-stm32.9-2020-q2-update.win32_2.0.0.202105311346/tools/bin/../lib/gcc/arm-none-eabi/9.3.1/thumb/v7e-m+dp/hard/crtbegin.o
                0x0000000008002110                PROVIDE (__init_array_end = .)

.fini_array     0x0000000008002110        0x4
                [!provide]                        PROVIDE (__fini_array_start = .)
 *(SORT_BY_NAME(.fini_array.*))
 *(.fini_array*)
 .fini_array    0x0000000008002110        0x4 c:/st/stm32cubeide_1.7.0/stm32cubeide/plugins/com.st.stm32cube.ide.mcu.externaltools.gnu-tools-for-stm32.9-2020-q2-update.win32_2.0.0.202105311346/tools/bin/../lib/gcc/arm-none-eabi/9.3.1/thumb/v7e-m+dp/hard/crtbegin.o
                [!provide]                        PROVIDE (__fini_array_end = .)
                0x0000000008002114                _sidata = LOADADDR (.data)

.data           0x0000000024000000       0x18 load address 0x0000000008002114
                0x0000000024000000                . = ALIGN (0x4)
                0x0000000024000000                _sdata = .
 *(.data)
 *(.data*)
 .data.test     0x0000000024000000        0x6 ./Core/Src/main.o
                0x0000000024000000                test
 *fill*         0x0000000024000006        0x2 
 .data.SystemCoreClock
                0x0000000024000008        0x4 ./Core/Src/system_stm32h7xx.o
                0x0000000024000008                SystemCoreClock
 .data.SystemD2Clock
                0x000000002400000c        0x4 ./Core/Src/system_stm32h7xx.o
                0x000000002400000c                SystemD2Clock
 .data.uwTickPrio
                0x0000000024000010        0x4 ./Drivers/STM32H7xx_HAL_Driver/Src/stm32h7xx_hal.o
                0x0000000024000010                uwTickPrio
 .data.uwTickFreq
                0x0000000024000014        0x1 ./Drivers/STM32H7xx_HAL_Driver/Src/stm32h7xx_hal.o
                0x0000000024000014                uwTickFreq
 *(.RamFunc)
 *(.RamFunc*)
                0x0000000024000018                . = ALIGN (0x4)
 *fill*         0x0000000024000015        0x3 
                0x0000000024000018                _edata = .

.igot.plt       0x0000000024000018        0x0 load address 0x000000000800212c
 .igot.plt      0x0000000024000018        0x0 c:/st/stm32cubeide_1.7.0/stm32cubeide/plugins/com.st.stm32cube.ide.mcu.externaltools.gnu-tools-for-stm32.9-2020-q2-update.win32_2.0.0.202105311346/tools/bin/../lib/gcc/arm-none-eabi/9.3.1/thumb/v7e-m+dp/hard/crtbegin.o
                0x0000000024000018                . = ALIGN (0x4)

.bss            0x0000000024000018       0x50 load address 0x000000000800212c
                0x0000000024000018                _sbss = .
                0x0000000024000018                __bss_start__ = _sbss
 *(.bss)
 .bss           0x0000000024000018       0x1c c:/st/stm32cubeide_1.7.0/stm32cubeide/plugins/com.st.stm32cube.ide.mcu.externaltools.gnu-tools-for-stm32.9-2020-q2-update.win32_2.0.0.202105311346/tools/bin/../lib/gcc/arm-none-eabi/9.3.1/thumb/v7e-m+dp/hard/crtbegin.o
 *(.bss*)
 .bss.EraseInitStruct.11159
                0x0000000024000034       0x14 ./Core/Src/FLASH_PAGE.o
 *(COMMON)
 COMMON         0x0000000024000048        0x4 ./Drivers/STM32H7xx_HAL_Driver/Src/stm32h7xx_hal.o
                0x0000000024000048                uwTick
 COMMON         0x000000002400004c       0x1c ./Drivers/STM32H7xx_HAL_Driver/Src/stm32h7xx_hal_flash.o
                0x000000002400004c                pFlash
                0x0000000024000068                . = ALIGN (0x4)
                0x0000000024000068                _ebss = .
                0x0000000024000068                __bss_end__ = _ebss

._user_heap_stack
                0x0000000024000068      0x600 load address 0x000000000800212c
                0x0000000024000068                . = ALIGN (0x8)
                [!provide]                        PROVIDE (end = .)
                0x0000000024000068                PROVIDE (_end = .)
                0x0000000024000268                . = (. + _Min_Heap_Size)
 *fill*         0x0000000024000068      0x200 
                0x0000000024000668                . = (. + _Min_Stack_Size)
 *fill*         0x0000000024000268      0x400 
                0x0000000024000668                . = ALIGN (0x8)

/DISCARD/
 libc.a(*)
 libm.a(*)
 libgcc.a(*)

.ARM.attributes
                0x0000000000000000       0x2e
 *(.ARM.attributes)
 .ARM.attributes
                0x0000000000000000       0x1e c:/st/stm32cubeide_1.7.0/stm32cubeide/plugins/com.st.stm32cube.ide.mcu.externaltools.gnu-tools-for-stm32.9-2020-q2-update.win32_2.0.0.202105311346/tools/bin/../lib/gcc/arm-none-eabi/9.3.1/thumb/v7e-m+dp/hard/crti.o
 .ARM.attributes
                0x000000000000001e       0x32 c:/st/stm32cubeide_1.7.0/stm32cubeide/plugins/com.st.stm32cube.ide.mcu.externaltools.gnu-tools-for-stm32.9-2020-q2-update.win32_2.0.0.202105311346/tools/bin/../lib/gcc/arm-none-eabi/9.3.1/thumb/v7e-m+dp/hard/crtbegin.o
 .ARM.attributes
                0x0000000000000050       0x32 ./Core/Src/FLASH_PAGE.o
 .ARM.attributes
                0x0000000000000082       0x32 ./Core/Src/main.o
 .ARM.attributes
                0x00000000000000b4       0x32 ./Core/Src/stm32h7xx_hal_msp.o
 .ARM.attributes
                0x00000000000000e6       0x32 ./Core/Src/stm32h7xx_it.o
 .ARM.attributes
                0x0000000000000118       0x32 ./Core/Src/system_stm32h7xx.o
 .ARM.attributes
                0x000000000000014a       0x21 ./Core/Startup/startup_stm32h743zitx.o
 .ARM.attributes
                0x000000000000016b       0x32 ./Drivers/STM32H7xx_HAL_Driver/Src/stm32h7xx_hal.o
 .ARM.attributes
                0x000000000000019d       0x32 ./Drivers/STM32H7xx_HAL_Driver/Src/stm32h7xx_hal_cortex.o
 .ARM.attributes
                0x00000000000001cf       0x32 ./Drivers/STM32H7xx_HAL_Driver/Src/stm32h7xx_hal_flash.o
 .ARM.attributes
                0x0000000000000201       0x32 ./Drivers/STM32H7xx_HAL_Driver/Src/stm32h7xx_hal_flash_ex.o
 .ARM.attributes
                0x0000000000000233       0x32 ./Drivers/STM32H7xx_HAL_Driver/Src/stm32h7xx_hal_pwr_ex.o
 .ARM.attributes
                0x0000000000000265       0x32 ./Drivers/STM32H7xx_HAL_Driver/Src/stm32h7xx_hal_rcc.o
 .ARM.attributes
                0x0000000000000297       0x32 c:/st/stm32cubeide_1.7.0/stm32cubeide/plugins/com.st.stm32cube.ide.mcu.externaltools.gnu-tools-for-stm32.9-2020-q2-update.win32_2.0.0.202105311346/tools/bin/../lib/gcc/arm-none-eabi/9.3.1/../../../../arm-none-eabi/lib/thumb/v7e-m+dp/hard\libc_nano.a(lib_a-init.o)
 .ARM.attributes
                0x00000000000002c9       0x32 c:/st/stm32cubeide_1.7.0/stm32cubeide/plugins/com.st.stm32cube.ide.mcu.externaltools.gnu-tools-for-stm32.9-2020-q2-update.win32_2.0.0.202105311346/tools/bin/../lib/gcc/arm-none-eabi/9.3.1/../../../../arm-none-eabi/lib/thumb/v7e-m+dp/hard\libc_nano.a(lib_a-memset.o)
 .ARM.attributes
                0x00000000000002fb       0x1e c:/st/stm32cubeide_1.7.0/stm32cubeide/plugins/com.st.stm32cube.ide.mcu.externaltools.gnu-tools-for-stm32.9-2020-q2-update.win32_2.0.0.202105311346/tools/bin/../lib/gcc/arm-none-eabi/9.3.1/thumb/v7e-m+dp/hard/crtn.o
OUTPUT(DOANTKLL.elf elf32-littlearm)
LOAD linker stubs
LOAD c:/st/stm32cubeide_1.7.0/stm32cubeide/plugins/com.st.stm32cube.ide.mcu.externaltools.gnu-tools-for-stm32.9-2020-q2-update.win32_2.0.0.202105311346/tools/bin/../lib/gcc/arm-none-eabi/9.3.1/../../../../arm-none-eabi/lib/thumb/v7e-m+dp/hard\libc.a
LOAD c:/st/stm32cubeide_1.7.0/stm32cubeide/plugins/com.st.stm32cube.ide.mcu.externaltools.gnu-tools-for-stm32.9-2020-q2-update.win32_2.0.0.202105311346/tools/bin/../lib/gcc/arm-none-eabi/9.3.1/../../../../arm-none-eabi/lib/thumb/v7e-m+dp/hard\libm.a
LOAD c:/st/stm32cubeide_1.7.0/stm32cubeide/plugins/com.st.stm32cube.ide.mcu.externaltools.gnu-tools-for-stm32.9-2020-q2-update.win32_2.0.0.202105311346/tools/bin/../lib/gcc/arm-none-eabi/9.3.1/thumb/v7e-m+dp/hard\libgcc.a

.debug_info     0x0000000000000000     0xea8b
 .debug_info    0x0000000000000000      0xefb ./Core/Src/FLASH_PAGE.o
 .debug_info    0x0000000000000efb     0x1099 ./Core/Src/main.o
 .debug_info    0x0000000000001f94      0xf3b ./Core/Src/stm32h7xx_hal_msp.o
 .debug_info    0x0000000000002ecf      0xbe2 ./Core/Src/stm32h7xx_it.o
 .debug_info    0x0000000000003ab1     0x1748 ./Core/Src/system_stm32h7xx.o
 .debug_info    0x00000000000051f9       0x22 ./Core/Startup/startup_stm32h743zitx.o
 .debug_info    0x000000000000521b     0x1f5e ./Drivers/STM32H7xx_HAL_Driver/Src/stm32h7xx_hal.o
 .debug_info    0x0000000000007179     0x1bd4 ./Drivers/STM32H7xx_HAL_Driver/Src/stm32h7xx_hal_cortex.o
 .debug_info    0x0000000000008d4d     0x1259 ./Drivers/STM32H7xx_HAL_Driver/Src/stm32h7xx_hal_flash.o
 .debug_info    0x0000000000009fa6     0x16b5 ./Drivers/STM32H7xx_HAL_Driver/Src/stm32h7xx_hal_flash_ex.o
 .debug_info    0x000000000000b65b     0x1b06 ./Drivers/STM32H7xx_HAL_Driver/Src/stm32h7xx_hal_pwr_ex.o
 .debug_info    0x000000000000d161     0x192a ./Drivers/STM32H7xx_HAL_Driver/Src/stm32h7xx_hal_rcc.o

.debug_abbrev   0x0000000000000000     0x1ffe
 .debug_abbrev  0x0000000000000000      0x325 ./Core/Src/FLASH_PAGE.o
 .debug_abbrev  0x0000000000000325      0x2b8 ./Core/Src/main.o
 .debug_abbrev  0x00000000000005dd      0x20f ./Core/Src/stm32h7xx_hal_msp.o
 .debug_abbrev  0x00000000000007ec      0x1ef ./Core/Src/stm32h7xx_it.o
 .debug_abbrev  0x00000000000009db      0x262 ./Core/Src/system_stm32h7xx.o
 .debug_abbrev  0x0000000000000c3d       0x12 ./Core/Startup/startup_stm32h743zitx.o
 .debug_abbrev  0x0000000000000c4f      0x31b ./Drivers/STM32H7xx_HAL_Driver/Src/stm32h7xx_hal.o
 .debug_abbrev  0x0000000000000f6a      0x409 ./Drivers/STM32H7xx_HAL_Driver/Src/stm32h7xx_hal_cortex.o
 .debug_abbrev  0x0000000000001373      0x30b ./Drivers/STM32H7xx_HAL_Driver/Src/stm32h7xx_hal_flash.o
 .debug_abbrev  0x000000000000167e      0x30e ./Drivers/STM32H7xx_HAL_Driver/Src/stm32h7xx_hal_flash_ex.o
 .debug_abbrev  0x000000000000198c      0x350 ./Drivers/STM32H7xx_HAL_Driver/Src/stm32h7xx_hal_pwr_ex.o
 .debug_abbrev  0x0000000000001cdc      0x322 ./Drivers/STM32H7xx_HAL_Driver/Src/stm32h7xx_hal_rcc.o

.debug_aranges  0x0000000000000000      0x770
 .debug_aranges
                0x0000000000000000       0x58 ./Core/Src/FLASH_PAGE.o
 .debug_aranges
                0x0000000000000058       0x30 ./Core/Src/main.o
 .debug_aranges
                0x0000000000000088       0x20 ./Core/Src/stm32h7xx_hal_msp.o
 .debug_aranges
                0x00000000000000a8       0x60 ./Core/Src/stm32h7xx_it.o
 .debug_aranges
                0x0000000000000108       0x28 ./Core/Src/system_stm32h7xx.o
 .debug_aranges
                0x0000000000000130       0x28 ./Core/Startup/startup_stm32h743zitx.o
 .debug_aranges
                0x0000000000000158      0x198 ./Drivers/STM32H7xx_HAL_Driver/Src/stm32h7xx_hal.o
 .debug_aranges
                0x00000000000002f0      0x120 ./Drivers/STM32H7xx_HAL_Driver/Src/stm32h7xx_hal_cortex.o
 .debug_aranges
                0x0000000000000410       0x88 ./Drivers/STM32H7xx_HAL_Driver/Src/stm32h7xx_hal_flash.o
 .debug_aranges
                0x0000000000000498       0xf8 ./Drivers/STM32H7xx_HAL_Driver/Src/stm32h7xx_hal_flash_ex.o
 .debug_aranges
                0x0000000000000590      0x158 ./Drivers/STM32H7xx_HAL_Driver/Src/stm32h7xx_hal_pwr_ex.o
 .debug_aranges
                0x00000000000006e8       0x88 ./Drivers/STM32H7xx_HAL_Driver/Src/stm32h7xx_hal_rcc.o

.debug_ranges   0x0000000000000000      0x6b8
 .debug_ranges  0x0000000000000000       0x48 ./Core/Src/FLASH_PAGE.o
 .debug_ranges  0x0000000000000048       0x20 ./Core/Src/main.o
 .debug_ranges  0x0000000000000068       0x10 ./Core/Src/stm32h7xx_hal_msp.o
 .debug_ranges  0x0000000000000078       0x50 ./Core/Src/stm32h7xx_it.o
 .debug_ranges  0x00000000000000c8       0x18 ./Core/Src/system_stm32h7xx.o
 .debug_ranges  0x00000000000000e0       0x20 ./Core/Startup/startup_stm32h743zitx.o
 .debug_ranges  0x0000000000000100      0x188 ./Drivers/STM32H7xx_HAL_Driver/Src/stm32h7xx_hal.o
 .debug_ranges  0x0000000000000288      0x110 ./Drivers/STM32H7xx_HAL_Driver/Src/stm32h7xx_hal_cortex.o
 .debug_ranges  0x0000000000000398       0x78 ./Drivers/STM32H7xx_HAL_Driver/Src/stm32h7xx_hal_flash.o
 .debug_ranges  0x0000000000000410       0xe8 ./Drivers/STM32H7xx_HAL_Driver/Src/stm32h7xx_hal_flash_ex.o
 .debug_ranges  0x00000000000004f8      0x148 ./Drivers/STM32H7xx_HAL_Driver/Src/stm32h7xx_hal_pwr_ex.o
 .debug_ranges  0x0000000000000640       0x78 ./Drivers/STM32H7xx_HAL_Driver/Src/stm32h7xx_hal_rcc.o

.debug_macro    0x0000000000000000    0x34c3a
 .debug_macro   0x0000000000000000      0x380 ./Core/Src/FLASH_PAGE.o
 .debug_macro   0x0000000000000380      0xac0 ./Core/Src/FLASH_PAGE.o
 .debug_macro   0x0000000000000e40      0x22c ./Core/Src/FLASH_PAGE.o
 .debug_macro   0x000000000000106c       0x2e ./Core/Src/FLASH_PAGE.o
 .debug_macro   0x000000000000109a       0x3b ./Core/Src/FLASH_PAGE.o
 .debug_macro   0x00000000000010d5       0x22 ./Core/Src/FLASH_PAGE.o
 .debug_macro   0x00000000000010f7       0x8e ./Core/Src/FLASH_PAGE.o
 .debug_macro   0x0000000000001185       0x51 ./Core/Src/FLASH_PAGE.o
 .debug_macro   0x00000000000011d6      0x103 ./Core/Src/FLASH_PAGE.o
 .debug_macro   0x00000000000012d9       0x6a ./Core/Src/FLASH_PAGE.o
 .debug_macro   0x0000000000001343      0x1df ./Core/Src/FLASH_PAGE.o
 .debug_macro   0x0000000000001522       0x1c ./Core/Src/FLASH_PAGE.o
 .debug_macro   0x000000000000153e       0x22 ./Core/Src/FLASH_PAGE.o
 .debug_macro   0x0000000000001560      0x101 ./Core/Src/FLASH_PAGE.o
 .debug_macro   0x0000000000001661     0x1305 ./Core/Src/FLASH_PAGE.o
 .debug_macro   0x0000000000002966      0x11f ./Core/Src/FLASH_PAGE.o
 .debug_macro   0x0000000000002a85       0x27 ./Core/Src/FLASH_PAGE.o
 .debug_macro   0x0000000000002aac    0x25862 ./Core/Src/FLASH_PAGE.o
 .debug_macro   0x000000000002830e       0x6d ./Core/Src/FLASH_PAGE.o
 .debug_macro   0x000000000002837b     0x3d1e ./Core/Src/FLASH_PAGE.o
 .debug_macro   0x000000000002c099      0x174 ./Core/Src/FLASH_PAGE.o
 .debug_macro   0x000000000002c20d       0x52 ./Core/Src/FLASH_PAGE.o
 .debug_macro   0x000000000002c25f       0x17 ./Core/Src/FLASH_PAGE.o
 .debug_macro   0x000000000002c276       0x3c ./Core/Src/FLASH_PAGE.o
 .debug_macro   0x000000000002c2b2       0x34 ./Core/Src/FLASH_PAGE.o
 .debug_macro   0x000000000002c2e6       0x16 ./Core/Src/FLASH_PAGE.o
 .debug_macro   0x000000000002c2fc       0x43 ./Core/Src/FLASH_PAGE.o
 .debug_macro   0x000000000002c33f       0x34 ./Core/Src/FLASH_PAGE.o
 .debug_macro   0x000000000002c373       0x10 ./Core/Src/FLASH_PAGE.o
 .debug_macro   0x000000000002c383       0x58 ./Core/Src/FLASH_PAGE.o
 .debug_macro   0x000000000002c3db       0x71 ./Core/Src/FLASH_PAGE.o
 .debug_macro   0x000000000002c44c       0x1c ./Core/Src/FLASH_PAGE.o
 .debug_macro   0x000000000002c468      0x12a ./Core/Src/FLASH_PAGE.o
 .debug_macro   0x000000000002c592      0x333 ./Core/Src/FLASH_PAGE.o
 .debug_macro   0x000000000002c8c5      0x1a9 ./Core/Src/FLASH_PAGE.o
 .debug_macro   0x000000000002ca6e       0x5d ./Core/Src/FLASH_PAGE.o
 .debug_macro   0x000000000002cacb     0x2382 ./Core/Src/FLASH_PAGE.o
 .debug_macro   0x000000000002ee4d     0x1002 ./Core/Src/FLASH_PAGE.o
 .debug_macro   0x000000000002fe4f      0x14d ./Core/Src/FLASH_PAGE.o
 .debug_macro   0x000000000002ff9c      0x114 ./Core/Src/FLASH_PAGE.o
 .debug_macro   0x00000000000300b0      0x3b2 ./Core/Src/FLASH_PAGE.o
 .debug_macro   0x0000000000030462       0xac ./Core/Src/FLASH_PAGE.o
 .debug_macro   0x000000000003050e      0x72d ./Core/Src/FLASH_PAGE.o
 .debug_macro   0x0000000000030c3b      0x228 ./Core/Src/FLASH_PAGE.o
 .debug_macro   0x0000000000030e63       0x66 ./Core/Src/FLASH_PAGE.o
 .debug_macro   0x0000000000030ec9      0x3bb ./Core/Src/FLASH_PAGE.o
 .debug_macro   0x0000000000031284      0x3e4 ./Core/Src/FLASH_PAGE.o
 .debug_macro   0x0000000000031668      0x275 ./Core/Src/FLASH_PAGE.o
 .debug_macro   0x00000000000318dd      0x3ca ./Core/Src/FLASH_PAGE.o
 .debug_macro   0x0000000000031ca7      0x408 ./Core/Src/FLASH_PAGE.o
 .debug_macro   0x00000000000320af       0x51 ./Core/Src/FLASH_PAGE.o
 .debug_macro   0x0000000000032100       0x4a ./Core/Src/FLASH_PAGE.o
 .debug_macro   0x000000000003214a      0x22c ./Core/Src/FLASH_PAGE.o
 .debug_macro   0x0000000000032376       0x67 ./Core/Src/FLASH_PAGE.o
 .debug_macro   0x00000000000323dd       0xa5 ./Core/Src/FLASH_PAGE.o
 .debug_macro   0x0000000000032482      0x1c4 ./Core/Src/FLASH_PAGE.o
 .debug_macro   0x0000000000032646      0x25e ./Core/Src/FLASH_PAGE.o
 .debug_macro   0x00000000000328a4       0x35 ./Core/Src/FLASH_PAGE.o
 .debug_macro   0x00000000000328d9      0x5a0 ./Core/Src/FLASH_PAGE.o
 .debug_macro   0x0000000000032e79       0x16 ./Core/Src/FLASH_PAGE.o
 .debug_macro   0x0000000000032e8f       0x35 ./Core/Src/FLASH_PAGE.o
 .debug_macro   0x0000000000032ec4       0x20 ./Core/Src/FLASH_PAGE.o
 .debug_macro   0x0000000000032ee4       0x1c ./Core/Src/FLASH_PAGE.o
 .debug_macro   0x0000000000032f00       0x10 ./Core/Src/FLASH_PAGE.o
 .debug_macro   0x0000000000032f10       0x10 ./Core/Src/FLASH_PAGE.o
 .debug_macro   0x0000000000032f20       0x1c ./Core/Src/FLASH_PAGE.o
 .debug_macro   0x0000000000032f3c       0x52 ./Core/Src/FLASH_PAGE.o
 .debug_macro   0x0000000000032f8e       0x22 ./Core/Src/FLASH_PAGE.o
 .debug_macro   0x0000000000032fb0       0x10 ./Core/Src/FLASH_PAGE.o
 .debug_macro   0x0000000000032fc0       0x40 ./Core/Src/FLASH_PAGE.o
 .debug_macro   0x0000000000033000       0xd5 ./Core/Src/FLASH_PAGE.o
 .debug_macro   0x00000000000330d5       0x1c ./Core/Src/FLASH_PAGE.o
 .debug_macro   0x00000000000330f1       0x3d ./Core/Src/FLASH_PAGE.o
 .debug_macro   0x000000000003312e       0x16 ./Core/Src/FLASH_PAGE.o
 .debug_macro   0x0000000000033144      0x145 ./Core/Src/FLASH_PAGE.o
 .debug_macro   0x0000000000033289      0x289 ./Core/Src/main.o
 .debug_macro   0x0000000000033512      0x289 ./Core/Src/stm32h7xx_hal_msp.o
 .debug_macro   0x000000000003379b      0x293 ./Core/Src/stm32h7xx_it.o
 .debug_macro   0x0000000000033a2e      0x27f ./Core/Src/system_stm32h7xx.o
 .debug_macro   0x0000000000033cad      0x2a9 ./Drivers/STM32H7xx_HAL_Driver/Src/stm32h7xx_hal.o
 .debug_macro   0x0000000000033f56      0x27f ./Drivers/STM32H7xx_HAL_Driver/Src/stm32h7xx_hal_cortex.o
 .debug_macro   0x00000000000341d5      0x285 ./Drivers/STM32H7xx_HAL_Driver/Src/stm32h7xx_hal_flash.o
 .debug_macro   0x000000000003445a      0x285 ./Drivers/STM32H7xx_HAL_Driver/Src/stm32h7xx_hal_flash_ex.o
 .debug_macro   0x00000000000346df      0x2b8 ./Drivers/STM32H7xx_HAL_Driver/Src/stm32h7xx_hal_pwr_ex.o
 .debug_macro   0x0000000000034997      0x2a3 ./Drivers/STM32H7xx_HAL_Driver/Src/stm32h7xx_hal_rcc.o

.debug_line     0x0000000000000000     0x8995
 .debug_line    0x0000000000000000      0xb87 ./Core/Src/FLASH_PAGE.o
 .debug_line    0x0000000000000b87      0x874 ./Core/Src/main.o
 .debug_line    0x00000000000013fb      0x7f5 ./Core/Src/stm32h7xx_hal_msp.o
 .debug_line    0x0000000000001bf0      0x8b8 ./Core/Src/stm32h7xx_it.o
 .debug_line    0x00000000000024a8      0x9a8 ./Core/Src/system_stm32h7xx.o
 .debug_line    0x0000000000002e50       0x88 ./Core/Startup/startup_stm32h743zitx.o
 .debug_line    0x0000000000002ed8      0xda3 ./Drivers/STM32H7xx_HAL_Driver/Src/stm32h7xx_hal.o
 .debug_line    0x0000000000003c7b      0xda9 ./Drivers/STM32H7xx_HAL_Driver/Src/stm32h7xx_hal_cortex.o
 .debug_line    0x0000000000004a24      0xd32 ./Drivers/STM32H7xx_HAL_Driver/Src/stm32h7xx_hal_flash.o
 .debug_line    0x0000000000005756     0x1074 ./Drivers/STM32H7xx_HAL_Driver/Src/stm32h7xx_hal_flash_ex.o
 .debug_line    0x00000000000067ca      0xebd ./Drivers/STM32H7xx_HAL_Driver/Src/stm32h7xx_hal_pwr_ex.o
 .debug_line    0x0000000000007687     0x130e ./Drivers/STM32H7xx_HAL_Driver/Src/stm32h7xx_hal_rcc.o

.debug_str      0x0000000000000000   0x14f256
 .debug_str     0x0000000000000000   0x14c78f ./Core/Src/FLASH_PAGE.o
                                     0x14cccc (size before relaxing)
 .debug_str     0x000000000014c78f      0x296 ./Core/Src/main.o
                                     0x14be02 (size before relaxing)
 .debug_str     0x000000000014ca25      0x222 ./Core/Src/stm32h7xx_hal_msp.o
                                     0x14bd86 (size before relaxing)
 .debug_str     0x000000000014cc47       0xbd ./Core/Src/stm32h7xx_it.o
                                     0x14bbed (size before relaxing)
 .debug_str     0x000000000014cd04      0x315 ./Core/Src/system_stm32h7xx.o
                                     0x14c078 (size before relaxing)
 .debug_str     0x000000000014d019       0x36 ./Core/Startup/startup_stm32h743zitx.o
                                         0x4e (size before relaxing)
 .debug_str     0x000000000014d04f      0xf09 ./Drivers/STM32H7xx_HAL_Driver/Src/stm32h7xx_hal.o
                                     0x14cea6 (size before relaxing)
 .debug_str     0x000000000014df58      0x3ab ./Drivers/STM32H7xx_HAL_Driver/Src/stm32h7xx_hal_cortex.o
                                     0x14c9ae (size before relaxing)
 .debug_str     0x000000000014e303      0x214 ./Drivers/STM32H7xx_HAL_Driver/Src/stm32h7xx_hal_flash.o
                                     0x14bef6 (size before relaxing)
 .debug_str     0x000000000014e517      0x432 ./Drivers/STM32H7xx_HAL_Driver/Src/stm32h7xx_hal_flash_ex.o
                                     0x14c17f (size before relaxing)
 .debug_str     0x000000000014e949      0x63e ./Drivers/STM32H7xx_HAL_Driver/Src/stm32h7xx_hal_pwr_ex.o
                                     0x14c4ff (size before relaxing)
 .debug_str     0x000000000014ef87      0x2cf ./Drivers/STM32H7xx_HAL_Driver/Src/stm32h7xx_hal_rcc.o
                                     0x14c3d4 (size before relaxing)

.comment        0x0000000000000000       0x53
 .comment       0x0000000000000000       0x53 ./Core/Src/FLASH_PAGE.o
                                         0x54 (size before relaxing)
 .comment       0x0000000000000053       0x54 ./Core/Src/main.o
 .comment       0x0000000000000053       0x54 ./Core/Src/stm32h7xx_hal_msp.o
 .comment       0x0000000000000053       0x54 ./Core/Src/stm32h7xx_it.o
 .comment       0x0000000000000053       0x54 ./Core/Src/system_stm32h7xx.o
 .comment       0x0000000000000053       0x54 ./Drivers/STM32H7xx_HAL_Driver/Src/stm32h7xx_hal.o
 .comment       0x0000000000000053       0x54 ./Drivers/STM32H7xx_HAL_Driver/Src/stm32h7xx_hal_cortex.o
 .comment       0x0000000000000053       0x54 ./Drivers/STM32H7xx_HAL_Driver/Src/stm32h7xx_hal_flash.o
 .comment       0x0000000000000053       0x54 ./Drivers/STM32H7xx_HAL_Driver/Src/stm32h7xx_hal_flash_ex.o
 .comment       0x0000000000000053       0x54 ./Drivers/STM32H7xx_HAL_Driver/Src/stm32h7xx_hal_pwr_ex.o
 .comment       0x0000000000000053       0x54 ./Drivers/STM32H7xx_HAL_Driver/Src/stm32h7xx_hal_rcc.o

.debug_frame    0x0000000000000000     0x1c80
 .debug_frame   0x0000000000000000      0x144 ./Core/Src/FLASH_PAGE.o
 .debug_frame   0x0000000000000144       0x68 ./Core/Src/main.o
 .debug_frame   0x00000000000001ac       0x38 ./Core/Src/stm32h7xx_hal_msp.o
 .debug_frame   0x00000000000001e4      0x104 ./Core/Src/stm32h7xx_it.o
 .debug_frame   0x00000000000002e8       0x58 ./Core/Src/system_stm32h7xx.o
 .debug_frame   0x0000000000000340      0x690 ./Drivers/STM32H7xx_HAL_Driver/Src/stm32h7xx_hal.o
 .debug_frame   0x00000000000009d0      0x4b8 ./Drivers/STM32H7xx_HAL_Driver/Src/stm32h7xx_hal_cortex.o
 .debug_frame   0x0000000000000e88      0x200 ./Drivers/STM32H7xx_HAL_Driver/Src/stm32h7xx_hal_flash.o
 .debug_frame   0x0000000000001088      0x434 ./Drivers/STM32H7xx_HAL_Driver/Src/stm32h7xx_hal_flash_ex.o
 .debug_frame   0x00000000000014bc      0x580 ./Drivers/STM32H7xx_HAL_Driver/Src/stm32h7xx_hal_pwr_ex.o
 .debug_frame   0x0000000000001a3c      0x1f8 ./Drivers/STM32H7xx_HAL_Driver/Src/stm32h7xx_hal_rcc.o
 .debug_frame   0x0000000000001c34       0x2c c:/st/stm32cubeide_1.7.0/stm32cubeide/plugins/com.st.stm32cube.ide.mcu.externaltools.gnu-tools-for-stm32.9-2020-q2-update.win32_2.0.0.202105311346/tools/bin/../lib/gcc/arm-none-eabi/9.3.1/../../../../arm-none-eabi/lib/thumb/v7e-m+dp/hard\libc_nano.a(lib_a-init.o)
 .debug_frame   0x0000000000001c60       0x20 c:/st/stm32cubeide_1.7.0/stm32cubeide/plugins/com.st.stm32cube.ide.mcu.externaltools.gnu-tools-for-stm32.9-2020-q2-update.win32_2.0.0.202105311346/tools/bin/../lib/gcc/arm-none-eabi/9.3.1/../../../../arm-none-eabi/lib/thumb/v7e-m+dp/hard\libc_nano.a(lib_a-memset.o)
